// Jest Snapshot v1, https://goo.gl/fbAQLP

exports[`App should match the snapshot 1`] = `
<div
  className="App"
>
  <aside
    className="sidebar"
  >
    <section
      id="small-zelda-header"
    />
    <Filter />
  </aside>
  <Connect(RecipeContainer) />
</div>
`;
